// Jest Snapshot v1, https://goo.gl/fbAQLP

exports[`should match HeroCard snapshot 1`] = `
Object {
  "asFragment": [Function],
  "baseElement": <body>
    <div>
      <section
        class="sc-gsTCUz ijBvsX"
        width="170px"
      >
        <a
          href="/myHero"
        >
          <img
            alt="Image alt"
            class="sc-dlfnbm iQbnro"
            height="200px"
            src="image.png"
            width="170px"
          />
        </a>
        <footer
          class="sc-hKgILt gGOuXv"
        >
          <p
            class="sc-eCssSg fvVVEn"
          >
            Hero
          </p>
          <button
            class="sc-bdfBwQ jowgqz"
            color="#FF1510"
            data-testid="button-heart"
          >
            <svg
              height="20px"
              version="1.1"
              viewBox="0 0 20 20"
              width="20px"
            >
              <title>
                Path Copy 2@1,5x
              </title>
              <g
                fill="none"
                fill-rule="evenodd"
                id="Page-1"
                stroke="none"
                stroke-width="1"
              >
                <g
                  class="teste"
                  fill="#FF1510"
                  fill-rule="nonzero"
                  id="Guide"
                  stroke="#FF0000"
                  stroke-width="2"
                  transform="translate(-231.000000, -828.000000)"
                >
                  <path
                    d="M248.428712,839.053345 L241.268331,846.885348 C241.199896,846.960594 241.102641,847 241.001802,847 C240.900941,847 240.803707,846.960594 240.735272,846.885348 L233.574892,839.053345 C231.475036,836.760342 231.475036,833.030654 233.574892,830.737651 C234.59779,829.616232 235.962887,829 237.418006,829 C238.750677,829 240.011307,829.515925 241.001802,830.465354 C241.992297,829.515925 243.249322,829 244.581993,829 C246.037112,829 247.405792,829.616232 248.432318,830.737651 C250.524963,833.030654 250.521357,836.760342 248.428712,839.053345 Z"
                    id="Path-Copy-2"
                  />
                </g>
              </g>
            </svg>
          </button>
        </footer>
      </section>
    </div>
  </body>,
  "container": <div>
    <section
      class="sc-gsTCUz ijBvsX"
      width="170px"
    >
      <a
        href="/myHero"
      >
        <img
          alt="Image alt"
          class="sc-dlfnbm iQbnro"
          height="200px"
          src="image.png"
          width="170px"
        />
      </a>
      <footer
        class="sc-hKgILt gGOuXv"
      >
        <p
          class="sc-eCssSg fvVVEn"
        >
          Hero
        </p>
        <button
          class="sc-bdfBwQ jowgqz"
          color="#FF1510"
          data-testid="button-heart"
        >
          <svg
            height="20px"
            version="1.1"
            viewBox="0 0 20 20"
            width="20px"
          >
            <title>
              Path Copy 2@1,5x
            </title>
            <g
              fill="none"
              fill-rule="evenodd"
              id="Page-1"
              stroke="none"
              stroke-width="1"
            >
              <g
                class="teste"
                fill="#FF1510"
                fill-rule="nonzero"
                id="Guide"
                stroke="#FF0000"
                stroke-width="2"
                transform="translate(-231.000000, -828.000000)"
              >
                <path
                  d="M248.428712,839.053345 L241.268331,846.885348 C241.199896,846.960594 241.102641,847 241.001802,847 C240.900941,847 240.803707,846.960594 240.735272,846.885348 L233.574892,839.053345 C231.475036,836.760342 231.475036,833.030654 233.574892,830.737651 C234.59779,829.616232 235.962887,829 237.418006,829 C238.750677,829 240.011307,829.515925 241.001802,830.465354 C241.992297,829.515925 243.249322,829 244.581993,829 C246.037112,829 247.405792,829.616232 248.432318,830.737651 C250.524963,833.030654 250.521357,836.760342 248.428712,839.053345 Z"
                  id="Path-Copy-2"
                />
              </g>
            </g>
          </svg>
        </button>
      </footer>
    </section>
  </div>,
  "debug": [Function],
  "findAllByAltText": [Function],
  "findAllByDisplayValue": [Function],
  "findAllByLabelText": [Function],
  "findAllByPlaceholderText": [Function],
  "findAllByRole": [Function],
  "findAllByTestId": [Function],
  "findAllByText": [Function],
  "findAllByTitle": [Function],
  "findByAltText": [Function],
  "findByDisplayValue": [Function],
  "findByLabelText": [Function],
  "findByPlaceholderText": [Function],
  "findByRole": [Function],
  "findByTestId": [Function],
  "findByText": [Function],
  "findByTitle": [Function],
  "getAllByAltText": [Function],
  "getAllByDisplayValue": [Function],
  "getAllByLabelText": [Function],
  "getAllByPlaceholderText": [Function],
  "getAllByRole": [Function],
  "getAllByTestId": [Function],
  "getAllByText": [Function],
  "getAllByTitle": [Function],
  "getByAltText": [Function],
  "getByDisplayValue": [Function],
  "getByLabelText": [Function],
  "getByPlaceholderText": [Function],
  "getByRole": [Function],
  "getByTestId": [Function],
  "getByText": [Function],
  "getByTitle": [Function],
  "queryAllByAltText": [Function],
  "queryAllByDisplayValue": [Function],
  "queryAllByLabelText": [Function],
  "queryAllByPlaceholderText": [Function],
  "queryAllByRole": [Function],
  "queryAllByTestId": [Function],
  "queryAllByText": [Function],
  "queryAllByTitle": [Function],
  "queryByAltText": [Function],
  "queryByDisplayValue": [Function],
  "queryByLabelText": [Function],
  "queryByPlaceholderText": [Function],
  "queryByRole": [Function],
  "queryByTestId": [Function],
  "queryByText": [Function],
  "queryByTitle": [Function],
  "rerender": [Function],
  "unmount": [Function],
}
`;
